[2022-11-07T16:17:45.632+0100][gc,heap] Heap region size: 1M
[2022-11-07T16:17:45.640+0100][gc     ] Using G1
[2022-11-07T16:17:45.640+0100][gc,heap,coops] Heap address: 0x00000000c0000000, size: 1024 MB, Compressed Oops mode: 32-bit
[2022-11-07T16:17:45.640+0100][gc,cds       ] Mark closed archive regions in map: [0x00000000fff00000, 0x00000000fff6aff8]
[2022-11-07T16:17:45.641+0100][gc,cds       ] Mark open archive regions in map: [0x00000000ffe00000, 0x00000000ffe47ff8]
[2022-11-07T16:17:48.447+0100][gc,start     ] GC(0) Pause Young (Normal) (G1 Evacuation Pause)
[2022-11-07T16:17:48.449+0100][gc,task      ] GC(0) Using 10 workers of 10 for evacuation
[2022-11-07T16:17:48.461+0100][gc,phases    ] GC(0)   Pre Evacuate Collection Set: 0.0ms
[2022-11-07T16:17:48.461+0100][gc,phases    ] GC(0)   Evacuate Collection Set: 10.8ms
[2022-11-07T16:17:48.461+0100][gc,phases    ] GC(0)   Post Evacuate Collection Set: 0.7ms
[2022-11-07T16:17:48.461+0100][gc,phases    ] GC(0)   Other: 2.2ms
[2022-11-07T16:17:48.462+0100][gc,heap      ] GC(0) Eden regions: 51->0(44)
[2022-11-07T16:17:48.462+0100][gc,heap      ] GC(0) Survivor regions: 0->7(7)
[2022-11-07T16:17:48.462+0100][gc,heap      ] GC(0) Old regions: 2->2
[2022-11-07T16:17:48.462+0100][gc,heap      ] GC(0) Humongous regions: 0->0
[2022-11-07T16:17:48.462+0100][gc,metaspace ] GC(0) Metaspace: 14305K->14305K(1062912K)
[2022-11-07T16:17:48.463+0100][gc           ] GC(0) Pause Young (Normal) (G1 Evacuation Pause) 51M->7M(1024M) 15.711ms
[2022-11-07T16:17:48.463+0100][gc,cpu       ] GC(0) User=0.11s Sys=0.00s Real=0.01s
[2022-11-07T16:17:50.323+0100][gc,start     ] GC(1) Pause Young (Concurrent Start) (Metadata GC Threshold)
[2022-11-07T16:17:50.324+0100][gc,task      ] GC(1) Using 10 workers of 10 for evacuation
[2022-11-07T16:17:50.332+0100][gc,phases    ] GC(1)   Pre Evacuate Collection Set: 0.0ms
[2022-11-07T16:17:50.332+0100][gc,phases    ] GC(1)   Evacuate Collection Set: 7.0ms
[2022-11-07T16:17:50.333+0100][gc,phases    ] GC(1)   Post Evacuate Collection Set: 0.8ms
[2022-11-07T16:17:50.333+0100][gc,phases    ] GC(1)   Other: 0.9ms
[2022-11-07T16:17:50.333+0100][gc,heap      ] GC(1) Eden regions: 30->0(49)
[2022-11-07T16:17:50.334+0100][gc,heap      ] GC(1) Survivor regions: 7->2(7)
[2022-11-07T16:17:50.334+0100][gc,heap      ] GC(1) Old regions: 2->9
[2022-11-07T16:17:50.334+0100][gc,heap      ] GC(1) Humongous regions: 0->0
[2022-11-07T16:17:50.334+0100][gc,metaspace ] GC(1) Metaspace: 20630K->20630K(1067008K)
[2022-11-07T16:17:50.335+0100][gc           ] GC(1) Pause Young (Concurrent Start) (Metadata GC Threshold) 37M->8M(1024M) 11.172ms
[2022-11-07T16:17:50.335+0100][gc,cpu       ] GC(1) User=0.04s Sys=0.01s Real=0.02s
[2022-11-07T16:17:50.335+0100][gc           ] GC(2) Concurrent Cycle
[2022-11-07T16:17:50.335+0100][gc,marking   ] GC(2) Concurrent Clear Claimed Marks
[2022-11-07T16:17:50.336+0100][gc,marking   ] GC(2) Concurrent Clear Claimed Marks 0.214ms
[2022-11-07T16:17:50.336+0100][gc,marking   ] GC(2) Concurrent Scan Root Regions
[2022-11-07T16:17:50.337+0100][gc,marking   ] GC(2) Concurrent Scan Root Regions 1.096ms
[2022-11-07T16:17:50.337+0100][gc,marking   ] GC(2) Concurrent Mark (4.713s)
[2022-11-07T16:17:50.337+0100][gc,marking   ] GC(2) Concurrent Mark From Roots
[2022-11-07T16:17:50.338+0100][gc,task      ] GC(2) Using 3 workers of 3 for marking
[2022-11-07T16:17:50.341+0100][gc,marking   ] GC(2) Concurrent Mark From Roots 3.656ms
[2022-11-07T16:17:50.341+0100][gc,marking   ] GC(2) Concurrent Preclean
[2022-11-07T16:17:50.342+0100][gc,marking   ] GC(2) Concurrent Preclean 0.390ms
[2022-11-07T16:17:50.342+0100][gc,marking   ] GC(2) Concurrent Mark (4.713s, 4.718s) 4.763ms
[2022-11-07T16:17:50.342+0100][gc,start     ] GC(2) Pause Remark
[2022-11-07T16:17:50.344+0100][gc,stringtable] GC(2) Cleaned string and symbol table, strings: 5176 processed, 0 removed, symbols: 52435 processed, 44 removed
[2022-11-07T16:17:50.345+0100][gc            ] GC(2) Pause Remark 9M->9M(1024M) 2.529ms
[2022-11-07T16:17:50.345+0100][gc,cpu        ] GC(2) User=0.01s Sys=0.00s Real=0.01s
[2022-11-07T16:17:50.346+0100][gc,marking    ] GC(2) Concurrent Rebuild Remembered Sets
[2022-11-07T16:17:50.348+0100][gc,marking    ] GC(2) Concurrent Rebuild Remembered Sets 2.275ms
[2022-11-07T16:17:50.349+0100][gc,start      ] GC(2) Pause Cleanup
[2022-11-07T16:17:50.349+0100][gc            ] GC(2) Pause Cleanup 9M->9M(1024M) 0.551ms
[2022-11-07T16:17:50.349+0100][gc,cpu        ] GC(2) User=0.00s Sys=0.00s Real=0.00s
[2022-11-07T16:17:50.350+0100][gc,marking    ] GC(2) Concurrent Cleanup for Next Mark
[2022-11-07T16:17:50.352+0100][gc,marking    ] GC(2) Concurrent Cleanup for Next Mark 1.784ms
[2022-11-07T16:17:50.352+0100][gc            ] GC(2) Concurrent Cycle 16.681ms
[2022-11-07T16:17:52.470+0100][gc,start      ] GC(3) Pause Young (Normal) (G1 Evacuation Pause)
[2022-11-07T16:17:52.470+0100][gc,task       ] GC(3) Using 10 workers of 10 for evacuation
[2022-11-07T16:17:52.473+0100][gc,phases     ] GC(3)   Pre Evacuate Collection Set: 0.0ms
[2022-11-07T16:17:52.474+0100][gc,phases     ] GC(3)   Evacuate Collection Set: 1.9ms
[2022-11-07T16:17:52.474+0100][gc,phases     ] GC(3)   Post Evacuate Collection Set: 0.6ms
[2022-11-07T16:17:52.474+0100][gc,phases     ] GC(3)   Other: 0.6ms
[2022-11-07T16:17:52.474+0100][gc,heap       ] GC(3) Eden regions: 49->0(46)
[2022-11-07T16:17:52.475+0100][gc,heap       ] GC(3) Survivor regions: 2->5(7)
[2022-11-07T16:17:52.475+0100][gc,heap       ] GC(3) Old regions: 9->9
[2022-11-07T16:17:52.475+0100][gc,heap       ] GC(3) Humongous regions: 129->129
[2022-11-07T16:17:52.475+0100][gc,metaspace  ] GC(3) Metaspace: 28682K->28682K(1075200K)
[2022-11-07T16:17:52.475+0100][gc            ] GC(3) Pause Young (Normal) (G1 Evacuation Pause) 186M->140M(1024M) 5.220ms
[2022-11-07T16:17:52.476+0100][gc,cpu        ] GC(3) User=0.02s Sys=0.01s Real=0.01s
[2022-11-07T16:17:53.386+0100][gc,start      ] GC(4) Pause Young (Concurrent Start) (Metadata GC Threshold)
[2022-11-07T16:17:53.387+0100][gc,task       ] GC(4) Using 10 workers of 10 for evacuation
[2022-11-07T16:17:53.395+0100][gc,phases     ] GC(4)   Pre Evacuate Collection Set: 0.1ms
[2022-11-07T16:17:53.396+0100][gc,phases     ] GC(4)   Evacuate Collection Set: 7.8ms
[2022-11-07T16:17:53.396+0100][gc,phases     ] GC(4)   Post Evacuate Collection Set: 0.6ms
[2022-11-07T16:17:53.396+0100][gc,phases     ] GC(4)   Other: 0.6ms
[2022-11-07T16:17:53.397+0100][gc,heap       ] GC(4) Eden regions: 31->0(49)
[2022-11-07T16:17:53.397+0100][gc,heap       ] GC(4) Survivor regions: 5->2(7)
[2022-11-07T16:17:53.397+0100][gc,heap       ] GC(4) Old regions: 9->14
[2022-11-07T16:17:53.397+0100][gc,heap       ] GC(4) Humongous regions: 129->129
[2022-11-07T16:17:53.398+0100][gc,metaspace  ] GC(4) Metaspace: 34426K->34426K(1081344K)
[2022-11-07T16:17:53.398+0100][gc            ] GC(4) Pause Young (Concurrent Start) (Metadata GC Threshold) 171M->142M(1024M) 11.657ms
[2022-11-07T16:17:53.398+0100][gc,cpu        ] GC(4) User=0.06s Sys=0.00s Real=0.01s
[2022-11-07T16:17:53.398+0100][gc            ] GC(5) Concurrent Cycle
[2022-11-07T16:17:53.399+0100][gc,marking    ] GC(5) Concurrent Clear Claimed Marks
[2022-11-07T16:17:53.399+0100][gc,marking    ] GC(5) Concurrent Clear Claimed Marks 0.254ms
[2022-11-07T16:17:53.399+0100][gc,marking    ] GC(5) Concurrent Scan Root Regions
[2022-11-07T16:17:53.400+0100][gc,marking    ] GC(5) Concurrent Scan Root Regions 1.011ms
[2022-11-07T16:17:53.401+0100][gc,marking    ] GC(5) Concurrent Mark (7.776s)
[2022-11-07T16:17:53.401+0100][gc,marking    ] GC(5) Concurrent Mark From Roots
[2022-11-07T16:17:53.401+0100][gc,task       ] GC(5) Using 3 workers of 3 for marking
[2022-11-07T16:17:53.410+0100][gc,marking    ] GC(5) Concurrent Mark From Roots 8.826ms
[2022-11-07T16:17:53.410+0100][gc,marking    ] GC(5) Concurrent Preclean
[2022-11-07T16:17:53.410+0100][gc,marking    ] GC(5) Concurrent Preclean 0.413ms
[2022-11-07T16:17:53.411+0100][gc,marking    ] GC(5) Concurrent Mark (7.776s, 7.787s) 10.030ms
[2022-11-07T16:17:53.411+0100][gc,start      ] GC(5) Pause Remark
[2022-11-07T16:17:53.413+0100][gc,stringtable] GC(5) Cleaned string and symbol table, strings: 10292 processed, 11 removed, symbols: 83630 processed, 12 removed
[2022-11-07T16:17:53.416+0100][gc            ] GC(5) Pause Remark 143M->143M(1024M) 4.415ms
[2022-11-07T16:17:53.416+0100][gc,cpu        ] GC(5) User=0.02s Sys=0.00s Real=0.01s
[2022-11-07T16:17:53.416+0100][gc,marking    ] GC(5) Concurrent Rebuild Remembered Sets
[2022-11-07T16:17:53.420+0100][gc,marking    ] GC(5) Concurrent Rebuild Remembered Sets 4.016ms
[2022-11-07T16:17:53.421+0100][gc,start      ] GC(5) Pause Cleanup
[2022-11-07T16:17:53.422+0100][gc            ] GC(5) Pause Cleanup 143M->143M(1024M) 0.530ms
[2022-11-07T16:17:53.422+0100][gc,cpu        ] GC(5) User=0.00s Sys=0.00s Real=0.00s
[2022-11-07T16:17:53.422+0100][gc,marking    ] GC(5) Concurrent Cleanup for Next Mark
[2022-11-07T16:17:53.427+0100][gc,marking    ] GC(5) Concurrent Cleanup for Next Mark 4.942ms
[2022-11-07T16:17:53.427+0100][gc            ] GC(5) Concurrent Cycle 28.948ms
[2022-11-07T16:29:40.953+0100][gc,heap,exit  ] Heap
[2022-11-07T16:29:40.954+0100][gc,heap,exit  ]  garbage-first heap   total 1048576K, used 188966K [0x00000000c0000000, 0x0000000100000000)
[2022-11-07T16:29:40.954+0100][gc,heap,exit  ]   region size 1024K, 46 young (47104K), 2 survivors (2048K)
[2022-11-07T16:29:40.954+0100][gc,heap,exit  ]  Metaspace       used 40501K, capacity 42883K, committed 43264K, reserved 1085440K
[2022-11-07T16:29:40.954+0100][gc,heap,exit  ]   class space    used 5359K, capacity 6533K, committed 6656K, reserved 1048576K
