[2022-11-07T16:34:19.924+0100][gc,heap] Heap region size: 1M
[2022-11-07T16:34:19.931+0100][gc     ] Using G1
[2022-11-07T16:34:19.931+0100][gc,heap,coops] Heap address: 0x00000000c0000000, size: 1024 MB, Compressed Oops mode: 32-bit
[2022-11-07T16:34:19.931+0100][gc,cds       ] Mark closed archive regions in map: [0x00000000fff00000, 0x00000000fff6aff8]
[2022-11-07T16:34:19.932+0100][gc,cds       ] Mark open archive regions in map: [0x00000000ffe00000, 0x00000000ffe47ff8]
[2022-11-07T16:34:21.187+0100][gc,start     ] GC(0) Pause Young (Normal) (G1 Evacuation Pause)
[2022-11-07T16:34:21.188+0100][gc,task      ] GC(0) Using 10 workers of 10 for evacuation
[2022-11-07T16:34:21.199+0100][gc,phases    ] GC(0)   Pre Evacuate Collection Set: 0.0ms
[2022-11-07T16:34:21.199+0100][gc,phases    ] GC(0)   Evacuate Collection Set: 9.4ms
[2022-11-07T16:34:21.199+0100][gc,phases    ] GC(0)   Post Evacuate Collection Set: 0.6ms
[2022-11-07T16:34:21.200+0100][gc,phases    ] GC(0)   Other: 1.7ms
[2022-11-07T16:34:21.200+0100][gc,heap      ] GC(0) Eden regions: 51->0(44)
[2022-11-07T16:34:21.200+0100][gc,heap      ] GC(0) Survivor regions: 0->7(7)
[2022-11-07T16:34:21.200+0100][gc,heap      ] GC(0) Old regions: 2->2
[2022-11-07T16:34:21.201+0100][gc,heap      ] GC(0) Humongous regions: 0->0
[2022-11-07T16:34:21.201+0100][gc,metaspace ] GC(0) Metaspace: 14301K->14301K(1062912K)
[2022-11-07T16:34:21.201+0100][gc           ] GC(0) Pause Young (Normal) (G1 Evacuation Pause) 51M->7M(1024M) 13.900ms
[2022-11-07T16:34:21.201+0100][gc,cpu       ] GC(0) User=0.09s Sys=0.00s Real=0.01s
[2022-11-07T16:34:21.722+0100][gc,start     ] GC(1) Pause Young (Concurrent Start) (Metadata GC Threshold)
[2022-11-07T16:34:21.723+0100][gc,task      ] GC(1) Using 10 workers of 10 for evacuation
[2022-11-07T16:34:21.731+0100][gc,phases    ] GC(1)   Pre Evacuate Collection Set: 0.1ms
[2022-11-07T16:34:21.732+0100][gc,phases    ] GC(1)   Evacuate Collection Set: 7.6ms
[2022-11-07T16:34:21.732+0100][gc,phases    ] GC(1)   Post Evacuate Collection Set: 0.6ms
[2022-11-07T16:34:21.732+0100][gc,phases    ] GC(1)   Other: 0.6ms
[2022-11-07T16:34:21.733+0100][gc,heap      ] GC(1) Eden regions: 30->0(49)
[2022-11-07T16:34:21.733+0100][gc,heap      ] GC(1) Survivor regions: 7->2(7)
[2022-11-07T16:34:21.733+0100][gc,heap      ] GC(1) Old regions: 2->9
[2022-11-07T16:34:21.733+0100][gc,heap      ] GC(1) Humongous regions: 0->0
[2022-11-07T16:34:21.734+0100][gc,metaspace ] GC(1) Metaspace: 20588K->20588K(1067008K)
[2022-11-07T16:34:21.734+0100][gc           ] GC(1) Pause Young (Concurrent Start) (Metadata GC Threshold) 37M->8M(1024M) 11.465ms
[2022-11-07T16:34:21.734+0100][gc,cpu       ] GC(1) User=0.00s Sys=0.07s Real=0.01s
[2022-11-07T16:34:21.734+0100][gc           ] GC(2) Concurrent Cycle
[2022-11-07T16:34:21.735+0100][gc,marking   ] GC(2) Concurrent Clear Claimed Marks
[2022-11-07T16:34:21.735+0100][gc,marking   ] GC(2) Concurrent Clear Claimed Marks 0.284ms
[2022-11-07T16:34:21.735+0100][gc,marking   ] GC(2) Concurrent Scan Root Regions
[2022-11-07T16:34:21.736+0100][gc,marking   ] GC(2) Concurrent Scan Root Regions 0.942ms
[2022-11-07T16:34:21.737+0100][gc,marking   ] GC(2) Concurrent Mark (1.825s)
[2022-11-07T16:34:21.737+0100][gc,marking   ] GC(2) Concurrent Mark From Roots
[2022-11-07T16:34:21.737+0100][gc,task      ] GC(2) Using 3 workers of 3 for marking
[2022-11-07T16:34:21.740+0100][gc,marking   ] GC(2) Concurrent Mark From Roots 2.932ms
[2022-11-07T16:34:21.740+0100][gc,marking   ] GC(2) Concurrent Preclean
[2022-11-07T16:34:21.740+0100][gc,marking   ] GC(2) Concurrent Preclean 0.287ms
[2022-11-07T16:34:21.740+0100][gc,marking   ] GC(2) Concurrent Mark (1.825s, 1.829s) 3.777ms
[2022-11-07T16:34:21.741+0100][gc,start     ] GC(2) Pause Remark
[2022-11-07T16:34:21.742+0100][gc,stringtable] GC(2) Cleaned string and symbol table, strings: 5122 processed, 0 removed, symbols: 52227 processed, 42 removed
[2022-11-07T16:34:21.743+0100][gc            ] GC(2) Pause Remark 9M->9M(1024M) 1.880ms
[2022-11-07T16:34:21.743+0100][gc,cpu        ] GC(2) User=0.00s Sys=0.01s Real=0.00s
[2022-11-07T16:34:21.743+0100][gc,marking    ] GC(2) Concurrent Rebuild Remembered Sets
[2022-11-07T16:34:21.745+0100][gc,marking    ] GC(2) Concurrent Rebuild Remembered Sets 1.994ms
[2022-11-07T16:34:21.746+0100][gc,start      ] GC(2) Pause Cleanup
[2022-11-07T16:34:21.746+0100][gc            ] GC(2) Pause Cleanup 9M->9M(1024M) 0.453ms
[2022-11-07T16:34:21.747+0100][gc,cpu        ] GC(2) User=0.00s Sys=0.00s Real=0.00s
[2022-11-07T16:34:21.747+0100][gc,marking    ] GC(2) Concurrent Cleanup for Next Mark
[2022-11-07T16:34:21.748+0100][gc,marking    ] GC(2) Concurrent Cleanup for Next Mark 1.358ms
[2022-11-07T16:34:21.748+0100][gc            ] GC(2) Concurrent Cycle 13.922ms
[2022-11-07T16:34:22.526+0100][gc,start      ] GC(3) Pause Young (Normal) (G1 Evacuation Pause)
[2022-11-07T16:34:22.527+0100][gc,task       ] GC(3) Using 10 workers of 10 for evacuation
[2022-11-07T16:34:22.530+0100][gc,phases     ] GC(3)   Pre Evacuate Collection Set: 0.0ms
[2022-11-07T16:34:22.530+0100][gc,phases     ] GC(3)   Evacuate Collection Set: 2.1ms
[2022-11-07T16:34:22.530+0100][gc,phases     ] GC(3)   Post Evacuate Collection Set: 0.6ms
[2022-11-07T16:34:22.530+0100][gc,phases     ] GC(3)   Other: 0.6ms
[2022-11-07T16:34:22.531+0100][gc,heap       ] GC(3) Eden regions: 49->0(46)
[2022-11-07T16:34:22.531+0100][gc,heap       ] GC(3) Survivor regions: 2->5(7)
[2022-11-07T16:34:22.531+0100][gc,heap       ] GC(3) Old regions: 9->9
[2022-11-07T16:34:22.531+0100][gc,heap       ] GC(3) Humongous regions: 129->129
[2022-11-07T16:34:22.531+0100][gc,metaspace  ] GC(3) Metaspace: 29255K->29255K(1075200K)
[2022-11-07T16:34:22.532+0100][gc            ] GC(3) Pause Young (Normal) (G1 Evacuation Pause) 186M->140M(1024M) 5.210ms
[2022-11-07T16:34:22.532+0100][gc,cpu        ] GC(3) User=0.02s Sys=0.00s Real=0.00s
[2022-11-07T16:34:22.998+0100][gc,heap,exit  ] Heap
[2022-11-07T16:34:22.998+0100][gc,heap,exit  ]  garbage-first heap   total 1048576K, used 165504K [0x00000000c0000000, 0x0000000100000000)
[2022-11-07T16:34:22.998+0100][gc,heap,exit  ]   region size 1024K, 27 young (27648K), 5 survivors (5120K)
[2022-11-07T16:34:22.999+0100][gc,heap,exit  ]  Metaspace       used 32324K, capacity 33638K, committed 33792K, reserved 1079296K
[2022-11-07T16:34:22.999+0100][gc,heap,exit  ]   class space    used 3971K, capacity 4581K, committed 4608K, reserved 1048576K
