[2022-11-07T16:34:37.526+0100][gc,heap] Heap region size: 1M
[2022-11-07T16:34:37.532+0100][gc     ] Using G1
[2022-11-07T16:34:37.533+0100][gc,heap,coops] Heap address: 0x00000000c0000000, size: 1024 MB, Compressed Oops mode: 32-bit
[2022-11-07T16:34:37.533+0100][gc,cds       ] Mark closed archive regions in map: [0x00000000fff00000, 0x00000000fff6aff8]
[2022-11-07T16:34:37.534+0100][gc,cds       ] Mark open archive regions in map: [0x00000000ffe00000, 0x00000000ffe47ff8]
[2022-11-07T16:34:38.744+0100][gc,start     ] GC(0) Pause Young (Normal) (G1 Evacuation Pause)
[2022-11-07T16:34:38.745+0100][gc,task      ] GC(0) Using 10 workers of 10 for evacuation
[2022-11-07T16:34:38.764+0100][gc,phases    ] GC(0)   Pre Evacuate Collection Set: 0.0ms
[2022-11-07T16:34:38.765+0100][gc,phases    ] GC(0)   Evacuate Collection Set: 10.9ms
[2022-11-07T16:34:38.765+0100][gc,phases    ] GC(0)   Post Evacuate Collection Set: 0.7ms
[2022-11-07T16:34:38.765+0100][gc,phases    ] GC(0)   Other: 9.1ms
[2022-11-07T16:34:38.766+0100][gc,heap      ] GC(0) Eden regions: 51->0(44)
[2022-11-07T16:34:38.766+0100][gc,heap      ] GC(0) Survivor regions: 0->7(7)
[2022-11-07T16:34:38.766+0100][gc,heap      ] GC(0) Old regions: 2->2
[2022-11-07T16:34:38.767+0100][gc,heap      ] GC(0) Humongous regions: 0->0
[2022-11-07T16:34:38.767+0100][gc,metaspace ] GC(0) Metaspace: 14283K->14283K(1062912K)
[2022-11-07T16:34:38.767+0100][gc           ] GC(0) Pause Young (Normal) (G1 Evacuation Pause) 51M->7M(1024M) 23.443ms
[2022-11-07T16:34:38.767+0100][gc,cpu       ] GC(0) User=0.04s Sys=0.07s Real=0.03s
[2022-11-07T16:34:39.290+0100][gc,start     ] GC(1) Pause Young (Concurrent Start) (Metadata GC Threshold)
[2022-11-07T16:34:39.290+0100][gc,task      ] GC(1) Using 10 workers of 10 for evacuation
[2022-11-07T16:34:39.297+0100][gc,phases    ] GC(1)   Pre Evacuate Collection Set: 0.0ms
[2022-11-07T16:34:39.297+0100][gc,phases    ] GC(1)   Evacuate Collection Set: 5.9ms
[2022-11-07T16:34:39.297+0100][gc,phases    ] GC(1)   Post Evacuate Collection Set: 0.7ms
[2022-11-07T16:34:39.298+0100][gc,phases    ] GC(1)   Other: 0.6ms
[2022-11-07T16:34:39.298+0100][gc,heap      ] GC(1) Eden regions: 30->0(49)
[2022-11-07T16:34:39.298+0100][gc,heap      ] GC(1) Survivor regions: 7->2(7)
[2022-11-07T16:34:39.299+0100][gc,heap      ] GC(1) Old regions: 2->9
[2022-11-07T16:34:39.299+0100][gc,heap      ] GC(1) Humongous regions: 0->0
[2022-11-07T16:34:39.299+0100][gc,metaspace ] GC(1) Metaspace: 20588K->20588K(1067008K)
[2022-11-07T16:34:39.300+0100][gc           ] GC(1) Pause Young (Concurrent Start) (Metadata GC Threshold) 37M->8M(1024M) 9.961ms
[2022-11-07T16:34:39.300+0100][gc,cpu       ] GC(1) User=0.04s Sys=0.02s Real=0.01s
[2022-11-07T16:34:39.300+0100][gc           ] GC(2) Concurrent Cycle
[2022-11-07T16:34:39.300+0100][gc,marking   ] GC(2) Concurrent Clear Claimed Marks
[2022-11-07T16:34:39.301+0100][gc,marking   ] GC(2) Concurrent Clear Claimed Marks 0.241ms
[2022-11-07T16:34:39.301+0100][gc,marking   ] GC(2) Concurrent Scan Root Regions
[2022-11-07T16:34:39.302+0100][gc,marking   ] GC(2) Concurrent Scan Root Regions 1.226ms
[2022-11-07T16:34:39.302+0100][gc,marking   ] GC(2) Concurrent Mark (1.795s)
[2022-11-07T16:34:39.302+0100][gc,marking   ] GC(2) Concurrent Mark From Roots
[2022-11-07T16:34:39.303+0100][gc,task      ] GC(2) Using 3 workers of 3 for marking
[2022-11-07T16:34:39.306+0100][gc,marking   ] GC(2) Concurrent Mark From Roots 3.606ms
[2022-11-07T16:34:39.306+0100][gc,marking   ] GC(2) Concurrent Preclean
[2022-11-07T16:34:39.307+0100][gc,marking   ] GC(2) Concurrent Preclean 0.396ms
[2022-11-07T16:34:39.307+0100][gc,marking   ] GC(2) Concurrent Mark (1.795s, 1.800s) 4.734ms
[2022-11-07T16:34:39.307+0100][gc,start     ] GC(2) Pause Remark
[2022-11-07T16:34:39.309+0100][gc,stringtable] GC(2) Cleaned string and symbol table, strings: 5120 processed, 0 removed, symbols: 52223 processed, 42 removed
[2022-11-07T16:34:39.309+0100][gc            ] GC(2) Pause Remark 8M->8M(1024M) 1.867ms
[2022-11-07T16:34:39.309+0100][gc,cpu        ] GC(2) User=0.01s Sys=0.00s Real=0.00s
[2022-11-07T16:34:39.310+0100][gc,marking    ] GC(2) Concurrent Rebuild Remembered Sets
[2022-11-07T16:34:39.311+0100][gc,marking    ] GC(2) Concurrent Rebuild Remembered Sets 1.675ms
[2022-11-07T16:34:39.312+0100][gc,start      ] GC(2) Pause Cleanup
[2022-11-07T16:34:39.312+0100][gc            ] GC(2) Pause Cleanup 8M->8M(1024M) 0.449ms
[2022-11-07T16:34:39.313+0100][gc,cpu        ] GC(2) User=0.00s Sys=0.00s Real=0.00s
[2022-11-07T16:34:39.313+0100][gc,marking    ] GC(2) Concurrent Cleanup for Next Mark
[2022-11-07T16:34:39.314+0100][gc,marking    ] GC(2) Concurrent Cleanup for Next Mark 1.699ms
[2022-11-07T16:34:39.315+0100][gc            ] GC(2) Concurrent Cycle 14.741ms
[2022-11-07T16:34:39.974+0100][gc,start      ] GC(3) Pause Young (Normal) (G1 Evacuation Pause)
[2022-11-07T16:34:39.974+0100][gc,task       ] GC(3) Using 10 workers of 10 for evacuation
[2022-11-07T16:34:39.977+0100][gc,phases     ] GC(3)   Pre Evacuate Collection Set: 0.0ms
[2022-11-07T16:34:39.977+0100][gc,phases     ] GC(3)   Evacuate Collection Set: 1.8ms
[2022-11-07T16:34:39.978+0100][gc,phases     ] GC(3)   Post Evacuate Collection Set: 0.5ms
[2022-11-07T16:34:39.978+0100][gc,phases     ] GC(3)   Other: 0.6ms
[2022-11-07T16:34:39.978+0100][gc,heap       ] GC(3) Eden regions: 49->0(46)
[2022-11-07T16:34:39.978+0100][gc,heap       ] GC(3) Survivor regions: 2->5(7)
[2022-11-07T16:34:39.978+0100][gc,heap       ] GC(3) Old regions: 9->9
[2022-11-07T16:34:39.979+0100][gc,heap       ] GC(3) Humongous regions: 129->129
[2022-11-07T16:34:39.979+0100][gc,metaspace  ] GC(3) Metaspace: 29160K->29160K(1075200K)
[2022-11-07T16:34:39.979+0100][gc            ] GC(3) Pause Young (Normal) (G1 Evacuation Pause) 186M->140M(1024M) 4.964ms
[2022-11-07T16:34:39.979+0100][gc,cpu        ] GC(3) User=0.02s Sys=0.00s Real=0.01s
[2022-11-07T16:34:40.341+0100][gc,start      ] GC(4) Pause Young (Concurrent Start) (Metadata GC Threshold)
[2022-11-07T16:34:40.341+0100][gc,task       ] GC(4) Using 10 workers of 10 for evacuation
[2022-11-07T16:34:40.346+0100][gc,phases     ] GC(4)   Pre Evacuate Collection Set: 0.1ms
[2022-11-07T16:34:40.346+0100][gc,phases     ] GC(4)   Evacuate Collection Set: 3.3ms
[2022-11-07T16:34:40.346+0100][gc,phases     ] GC(4)   Post Evacuate Collection Set: 0.8ms
[2022-11-07T16:34:40.347+0100][gc,phases     ] GC(4)   Other: 0.9ms
[2022-11-07T16:34:40.347+0100][gc,heap       ] GC(4) Eden regions: 28->0(45)
[2022-11-07T16:34:40.348+0100][gc,heap       ] GC(4) Survivor regions: 5->6(7)
[2022-11-07T16:34:40.348+0100][gc,heap       ] GC(4) Old regions: 9->10
[2022-11-07T16:34:40.348+0100][gc,heap       ] GC(4) Humongous regions: 129->129
[2022-11-07T16:34:40.348+0100][gc,metaspace  ] GC(4) Metaspace: 34408K->34408K(1081344K)
[2022-11-07T16:34:40.349+0100][gc            ] GC(4) Pause Young (Concurrent Start) (Metadata GC Threshold) 167M->142M(1024M) 7.956ms
[2022-11-07T16:34:40.349+0100][gc,cpu        ] GC(4) User=0.00s Sys=0.05s Real=0.01s
[2022-11-07T16:34:40.349+0100][gc            ] GC(5) Concurrent Cycle
[2022-11-07T16:34:40.349+0100][gc,marking    ] GC(5) Concurrent Clear Claimed Marks
[2022-11-07T16:34:40.350+0100][gc,marking    ] GC(5) Concurrent Clear Claimed Marks 0.287ms
[2022-11-07T16:34:40.350+0100][gc,marking    ] GC(5) Concurrent Scan Root Regions
[2022-11-07T16:34:40.351+0100][gc,marking    ] GC(5) Concurrent Scan Root Regions 1.366ms
[2022-11-07T16:34:40.351+0100][gc,marking    ] GC(5) Concurrent Mark (2.844s)
[2022-11-07T16:34:40.352+0100][gc,marking    ] GC(5) Concurrent Mark From Roots
[2022-11-07T16:34:40.352+0100][gc,task       ] GC(5) Using 3 workers of 3 for marking
[2022-11-07T16:34:40.356+0100][gc,marking    ] GC(5) Concurrent Mark From Roots 4.451ms
[2022-11-07T16:34:40.356+0100][gc,marking    ] GC(5) Concurrent Preclean
[2022-11-07T16:34:40.357+0100][gc,marking    ] GC(5) Concurrent Preclean 0.390ms
[2022-11-07T16:34:40.357+0100][gc,marking    ] GC(5) Concurrent Mark (2.844s, 2.850s) 5.648ms
[2022-11-07T16:34:40.358+0100][gc,start      ] GC(5) Pause Remark
[2022-11-07T16:34:40.360+0100][gc,stringtable] GC(5) Cleaned string and symbol table, strings: 10245 processed, 13 removed, symbols: 84665 processed, 13 removed
[2022-11-07T16:34:40.360+0100][gc            ] GC(5) Pause Remark 143M->143M(1024M) 2.591ms
[2022-11-07T16:34:40.361+0100][gc,cpu        ] GC(5) User=0.01s Sys=0.00s Real=0.00s
[2022-11-07T16:34:40.361+0100][gc,marking    ] GC(5) Concurrent Rebuild Remembered Sets
[2022-11-07T16:34:40.363+0100][gc,marking    ] GC(5) Concurrent Rebuild Remembered Sets 1.940ms
[2022-11-07T16:34:40.364+0100][gc,start      ] GC(5) Pause Cleanup
[2022-11-07T16:34:40.365+0100][gc            ] GC(5) Pause Cleanup 143M->143M(1024M) 0.728ms
[2022-11-07T16:34:40.365+0100][gc,cpu        ] GC(5) User=0.00s Sys=0.01s Real=0.01s
[2022-11-07T16:34:40.365+0100][gc,marking    ] GC(5) Concurrent Cleanup for Next Mark
[2022-11-07T16:34:40.370+0100][gc,marking    ] GC(5) Concurrent Cleanup for Next Mark 4.367ms
[2022-11-07T16:34:40.370+0100][gc            ] GC(5) Concurrent Cycle 20.893ms
[2022-11-07T16:38:34.412+0100][gc,start      ] GC(6) Pause Young (Normal) (G1 Evacuation Pause)
[2022-11-07T16:38:34.413+0100][gc,task       ] GC(6) Using 10 workers of 10 for evacuation
[2022-11-07T16:38:34.418+0100][gc,phases     ] GC(6)   Pre Evacuate Collection Set: 0.0ms
[2022-11-07T16:38:34.418+0100][gc,phases     ] GC(6)   Evacuate Collection Set: 3.6ms
[2022-11-07T16:38:34.419+0100][gc,phases     ] GC(6)   Post Evacuate Collection Set: 1.2ms
[2022-11-07T16:38:34.419+0100][gc,phases     ] GC(6)   Other: 0.9ms
[2022-11-07T16:38:34.419+0100][gc,heap       ] GC(6) Eden regions: 45->0(46)
[2022-11-07T16:38:34.420+0100][gc,heap       ] GC(6) Survivor regions: 6->5(7)
[2022-11-07T16:38:34.420+0100][gc,heap       ] GC(6) Old regions: 10->13
[2022-11-07T16:38:34.420+0100][gc,heap       ] GC(6) Humongous regions: 129->129
[2022-11-07T16:38:34.420+0100][gc,metaspace  ] GC(6) Metaspace: 41170K->41170K(1087488K)
[2022-11-07T16:38:34.421+0100][gc            ] GC(6) Pause Young (Normal) (G1 Evacuation Pause) 187M->144M(1024M) 8.376ms
[2022-11-07T16:38:34.421+0100][gc,cpu        ] GC(6) User=0.04s Sys=0.00s Real=0.01s
[2022-11-07T16:45:26.451+0100][gc,start      ] GC(7) Pause Young (Normal) (G1 Evacuation Pause)
[2022-11-07T16:45:26.451+0100][gc,task       ] GC(7) Using 10 workers of 10 for evacuation
[2022-11-07T16:45:26.456+0100][gc,phases     ] GC(7)   Pre Evacuate Collection Set: 0.0ms
[2022-11-07T16:45:26.456+0100][gc,phases     ] GC(7)   Evacuate Collection Set: 3.0ms
[2022-11-07T16:45:26.456+0100][gc,phases     ] GC(7)   Post Evacuate Collection Set: 0.8ms
[2022-11-07T16:45:26.457+0100][gc,phases     ] GC(7)   Other: 0.8ms
[2022-11-07T16:45:26.457+0100][gc,heap       ] GC(7) Eden regions: 46->0(47)
[2022-11-07T16:45:26.457+0100][gc,heap       ] GC(7) Survivor regions: 5->4(7)
[2022-11-07T16:45:26.457+0100][gc,heap       ] GC(7) Old regions: 13->15
[2022-11-07T16:45:26.458+0100][gc,heap       ] GC(7) Humongous regions: 129->129
[2022-11-07T16:45:26.458+0100][gc,metaspace  ] GC(7) Metaspace: 41785K->41785K(1087488K)
[2022-11-07T16:45:26.458+0100][gc            ] GC(7) Pause Young (Normal) (G1 Evacuation Pause) 190M->145M(1024M) 7.076ms
[2022-11-07T16:45:26.458+0100][gc,cpu        ] GC(7) User=0.03s Sys=0.00s Real=0.01s
[2022-11-07T16:47:52.415+0100][gc,start      ] GC(8) Pause Young (Normal) (G1 Evacuation Pause)
[2022-11-07T16:47:52.416+0100][gc,task       ] GC(8) Using 10 workers of 10 for evacuation
[2022-11-07T16:47:52.419+0100][gc,phases     ] GC(8)   Pre Evacuate Collection Set: 0.0ms
[2022-11-07T16:47:52.419+0100][gc,phases     ] GC(8)   Evacuate Collection Set: 2.2ms
[2022-11-07T16:47:52.420+0100][gc,phases     ] GC(8)   Post Evacuate Collection Set: 0.8ms
[2022-11-07T16:47:52.420+0100][gc,phases     ] GC(8)   Other: 1.2ms
[2022-11-07T16:47:52.420+0100][gc,heap       ] GC(8) Eden regions: 47->0(47)
[2022-11-07T16:47:52.421+0100][gc,heap       ] GC(8) Survivor regions: 4->4(7)
[2022-11-07T16:47:52.421+0100][gc,heap       ] GC(8) Old regions: 15->15
[2022-11-07T16:47:52.421+0100][gc,heap       ] GC(8) Humongous regions: 129->129
[2022-11-07T16:47:52.421+0100][gc,metaspace  ] GC(8) Metaspace: 41823K->41823K(1087488K)
[2022-11-07T16:47:52.422+0100][gc            ] GC(8) Pause Young (Normal) (G1 Evacuation Pause) 192M->145M(1024M) 6.921ms
[2022-11-07T16:47:52.422+0100][gc,cpu        ] GC(8) User=0.02s Sys=0.01s Real=0.00s
[2022-11-07T16:56:46.522+0100][gc,start      ] GC(9) Pause Young (Normal) (G1 Evacuation Pause)
[2022-11-07T16:56:46.523+0100][gc,task       ] GC(9) Using 10 workers of 10 for evacuation
[2022-11-07T16:56:46.533+0100][gc,phases     ] GC(9)   Pre Evacuate Collection Set: 0.1ms
[2022-11-07T16:56:46.533+0100][gc,phases     ] GC(9)   Evacuate Collection Set: 7.4ms
[2022-11-07T16:56:46.534+0100][gc,phases     ] GC(9)   Post Evacuate Collection Set: 1.4ms
[2022-11-07T16:56:46.534+0100][gc,phases     ] GC(9)   Other: 2.1ms
[2022-11-07T16:56:46.535+0100][gc,heap       ] GC(9) Eden regions: 47->0(56)
[2022-11-07T16:56:46.535+0100][gc,heap       ] GC(9) Survivor regions: 4->4(7)
[2022-11-07T16:56:46.536+0100][gc,heap       ] GC(9) Old regions: 15->15
[2022-11-07T16:56:46.536+0100][gc,heap       ] GC(9) Humongous regions: 129->129
[2022-11-07T16:56:46.536+0100][gc,metaspace  ] GC(9) Metaspace: 42167K->42167K(1087488K)
[2022-11-07T16:56:46.538+0100][gc            ] GC(9) Pause Young (Normal) (G1 Evacuation Pause) 192M->145M(1024M) 15.639ms
[2022-11-07T16:56:46.539+0100][gc,cpu        ] GC(9) User=0.06s Sys=0.02s Real=0.02s
[2022-11-07T16:56:46.885+0100][gc,heap,exit  ] Heap
[2022-11-07T16:56:46.885+0100][gc,heap,exit  ]  garbage-first heap   total 1048576K, used 155491K [0x00000000c0000000, 0x0000000100000000)
[2022-11-07T16:56:46.885+0100][gc,heap,exit  ]   region size 1024K, 11 young (11264K), 4 survivors (4096K)
[2022-11-07T16:56:46.885+0100][gc,heap,exit  ]  Metaspace       used 42769K, capacity 45266K, committed 45568K, reserved 1087488K
[2022-11-07T16:56:46.886+0100][gc,heap,exit  ]   class space    used 5415K, capacity 6610K, committed 6656K, reserved 1048576K
