Java HotSpot(TM) 64-Bit Server VM (25.321-b07) for windows-amd64 JRE (1.8.0_321-b07), built on Dec 15 2021 11:19:20 by "java_re" with MS VC++ 15.9 (VS2017)
Memory: 4k page, physical 16617196k(8330848k free), swap 22908652k(11439380k free)
CommandLine flags: -XX:+ExplicitGCInvokesConcurrent -XX:GCLogFileSize=104857600 -XX:InitialHeapSize=1073741824 -XX:InitiatingHeapOccupancyPercent=35 -XX:+ManagementServer -XX:MaxGCPauseMillis=20 -XX:MaxHeapSize=1073741824 -XX:MaxInlineLevel=15 -XX:NumberOfGCLogFiles=10 -XX:+PrintGC -XX:+PrintGCDateStamps -XX:+PrintGCDetails -XX:+PrintGCTimeStamps -XX:+UseCompressedClassPointers -XX:+UseCompressedOops -XX:+UseG1GC -XX:+UseGCLogFileRotation -XX:-UseLargePagesIndividualAllocation 
2022-11-07T07:55:09.989+0000: 1.167: [GC pause (G1 Evacuation Pause) (young), 0.0086612 secs]
   [Parallel Time: 3.9 ms, GC Workers: 10]
      [GC Worker Start (ms): Min: 1167.4, Avg: 1167.5, Max: 1167.6, Diff: 0.2]
      [Ext Root Scanning (ms): Min: 0.1, Avg: 0.3, Max: 1.3, Diff: 1.1, Sum: 3.3]
      [Update RS (ms): Min: 0.0, Avg: 0.0, Max: 0.0, Diff: 0.0, Sum: 0.0]
         [Processed Buffers: Min: 0, Avg: 0.0, Max: 0, Diff: 0, Sum: 0]
      [Scan RS (ms): Min: 0.0, Avg: 0.0, Max: 0.0, Diff: 0.0, Sum: 0.1]
      [Code Root Scanning (ms): Min: 0.0, Avg: 0.1, Max: 0.3, Diff: 0.3, Sum: 0.9]
      [Object Copy (ms): Min: 1.9, Avg: 2.7, Max: 2.9, Diff: 1.0, Sum: 26.6]
      [Termination (ms): Min: 0.0, Avg: 0.0, Max: 0.0, Diff: 0.0, Sum: 0.1]
         [Termination Attempts: Min: 2, Avg: 45.9, Max: 60, Diff: 58, Sum: 459]
      [GC Worker Other (ms): Min: 0.0, Avg: 0.0, Max: 0.0, Diff: 0.0, Sum: 0.3]
      [GC Worker Total (ms): Min: 3.1, Avg: 3.1, Max: 3.2, Diff: 0.1, Sum: 31.2]
      [GC Worker End (ms): Min: 1170.6, Avg: 1170.7, Max: 1170.7, Diff: 0.0]
   [Code Root Fixup: 0.0 ms]
   [Code Root Purge: 0.0 ms]
   [Clear CT: 0.3 ms]
   [Other: 4.4 ms]
      [Choose CSet: 0.0 ms]
      [Ref Proc: 3.7 ms]
      [Ref Enq: 0.0 ms]
      [Redirty Cards: 0.4 ms]
      [Humongous Register: 0.0 ms]
      [Humongous Reclaim: 0.0 ms]
      [Free CSet: 0.1 ms]
   [Eden: 51.0M(51.0M)->0.0B(44.0M) Survivors: 0.0B->7168.0K Heap: 51.0M(1024.0M)->9191.5K(1024.0M)]
 [Times: user=0.00 sys=0.00, real=0.01 secs] 
2022-11-07T07:55:10.279+0000: 1.457: [GC pause (Metadata GC Threshold) (young) (initial-mark), 0.0074543 secs]
   [Parallel Time: 3.8 ms, GC Workers: 10]
      [GC Worker Start (ms): Min: 1457.4, Avg: 1457.5, Max: 1457.6, Diff: 0.2]
      [Ext Root Scanning (ms): Min: 0.5, Avg: 0.6, Max: 0.8, Diff: 0.4, Sum: 6.4]
      [Update RS (ms): Min: 0.0, Avg: 0.0, Max: 0.3, Diff: 0.3, Sum: 0.5]
         [Processed Buffers: Min: 0, Avg: 0.2, Max: 1, Diff: 1, Sum: 2]
      [Scan RS (ms): Min: 0.0, Avg: 0.0, Max: 0.0, Diff: 0.0, Sum: 0.0]
      [Code Root Scanning (ms): Min: 0.0, Avg: 0.1, Max: 0.6, Diff: 0.6, Sum: 0.7]
      [Object Copy (ms): Min: 1.8, Avg: 2.3, Max: 2.5, Diff: 0.7, Sum: 22.8]
      [Termination (ms): Min: 0.0, Avg: 0.0, Max: 0.0, Diff: 0.0, Sum: 0.0]
         [Termination Attempts: Min: 1, Avg: 1.8, Max: 4, Diff: 3, Sum: 18]
      [GC Worker Other (ms): Min: 0.0, Avg: 0.0, Max: 0.0, Diff: 0.0, Sum: 0.1]
      [GC Worker Total (ms): Min: 3.0, Avg: 3.0, Max: 3.2, Diff: 0.2, Sum: 30.5]
      [GC Worker End (ms): Min: 1460.6, Avg: 1460.6, Max: 1460.6, Diff: 0.0]
   [Code Root Fixup: 0.0 ms]
   [Code Root Purge: 0.0 ms]
   [Clear CT: 0.8 ms]
   [Other: 2.8 ms]
      [Choose CSet: 0.0 ms]
      [Ref Proc: 1.9 ms]
      [Ref Enq: 0.0 ms]
      [Redirty Cards: 0.8 ms]
      [Humongous Register: 0.0 ms]
      [Humongous Reclaim: 0.0 ms]
      [Free CSet: 0.0 ms]
   [Eden: 19.0M(44.0M)->0.0B(44.0M) Survivors: 7168.0K->7168.0K Heap: 27.5M(1024.0M)->13.5M(1024.0M)]
 [Times: user=0.16 sys=0.00, real=0.01 secs] 
2022-11-07T07:55:10.286+0000: 1.465: [GC concurrent-root-region-scan-start]
2022-11-07T07:55:10.287+0000: 1.465: [GC concurrent-root-region-scan-end, 0.0006170 secs]
2022-11-07T07:55:10.287+0000: 1.465: [GC concurrent-mark-start]
2022-11-07T07:55:10.289+0000: 1.468: [GC concurrent-mark-end, 0.0023646 secs]
2022-11-07T07:55:10.290+0000: 1.468: [GC remark 2022-11-07T07:55:10.290+0000: 1.468: [Finalize Marking, 0.0003659 secs] 2022-11-07T07:55:10.290+0000: 1.468: [GC ref-proc, 0.0004666 secs] 2022-11-07T07:55:10.291+0000: 1.469: [Unloading, 0.0019629 secs], 0.0037351 secs]
 [Times: user=0.00 sys=0.00, real=0.00 secs] 
2022-11-07T07:55:10.294+0000: 1.472: [GC cleanup 14M->12M(1024M), 0.0029990 secs]
 [Times: user=0.00 sys=0.00, real=0.00 secs] 
2022-11-07T07:55:10.297+0000: 1.475: [GC concurrent-cleanup-start]
2022-11-07T07:55:10.297+0000: 1.475: [GC concurrent-cleanup-end, 0.0000098 secs]
2022-11-07T07:55:12.056+0000: 3.235: [GC pause (G1 Evacuation Pause) (young), 0.0064133 secs]
   [Parallel Time: 2.6 ms, GC Workers: 10]
      [GC Worker Start (ms): Min: 3234.9, Avg: 3235.0, Max: 3235.1, Diff: 0.2]
      [Ext Root Scanning (ms): Min: 0.1, Avg: 0.3, Max: 0.8, Diff: 0.7, Sum: 2.8]
      [Update RS (ms): Min: 0.0, Avg: 0.3, Max: 0.6, Diff: 0.6, Sum: 2.5]
         [Processed Buffers: Min: 0, Avg: 2.0, Max: 6, Diff: 6, Sum: 20]
      [Scan RS (ms): Min: 0.0, Avg: 0.0, Max: 0.1, Diff: 0.1, Sum: 0.4]
      [Code Root Scanning (ms): Min: 0.0, Avg: 0.1, Max: 0.2, Diff: 0.2, Sum: 0.6]
      [Object Copy (ms): Min: 1.0, Avg: 1.2, Max: 1.3, Diff: 0.3, Sum: 12.2]
      [Termination (ms): Min: 0.0, Avg: 0.0, Max: 0.0, Diff: 0.0, Sum: 0.1]
         [Termination Attempts: Min: 2, Avg: 6.7, Max: 9, Diff: 7, Sum: 67]
      [GC Worker Other (ms): Min: 0.0, Avg: 0.0, Max: 0.0, Diff: 0.0, Sum: 0.2]
      [GC Worker Total (ms): Min: 1.8, Avg: 1.9, Max: 2.0, Diff: 0.2, Sum: 18.7]
      [GC Worker End (ms): Min: 3236.9, Avg: 3236.9, Max: 3236.9, Diff: 0.0]
   [Code Root Fixup: 0.0 ms]
   [Code Root Purge: 0.0 ms]
   [Clear CT: 0.6 ms]
   [Other: 3.2 ms]
      [Choose CSet: 0.0 ms]
      [Ref Proc: 2.3 ms]
      [Ref Enq: 0.0 ms]
      [Redirty Cards: 0.6 ms]
      [Humongous Register: 0.0 ms]
      [Humongous Reclaim: 0.0 ms]
      [Free CSet: 0.1 ms]
   [Eden: 44.0M(44.0M)->0.0B(44.0M) Survivors: 7168.0K->7168.0K Heap: 55.5M(1024.0M)->11.2M(1024.0M)]
 [Times: user=0.00 sys=0.00, real=0.01 secs] 
2022-11-07T07:55:12.634+0000: 3.812: [GC pause (G1 Evacuation Pause) (young), 0.0087732 secs]
   [Parallel Time: 4.0 ms, GC Workers: 10]
      [GC Worker Start (ms): Min: 3812.4, Avg: 3812.6, Max: 3812.6, Diff: 0.2]
      [Ext Root Scanning (ms): Min: 0.1, Avg: 0.4, Max: 1.5, Diff: 1.4, Sum: 3.7]
      [Update RS (ms): Min: 0.0, Avg: 0.1, Max: 0.2, Diff: 0.2, Sum: 1.3]
         [Processed Buffers: Min: 0, Avg: 1.7, Max: 7, Diff: 7, Sum: 17]
      [Scan RS (ms): Min: 0.0, Avg: 0.0, Max: 0.0, Diff: 0.0, Sum: 0.1]
      [Code Root Scanning (ms): Min: 0.0, Avg: 0.1, Max: 0.5, Diff: 0.5, Sum: 1.2]
      [Object Copy (ms): Min: 2.0, Avg: 2.8, Max: 3.0, Diff: 1.0, Sum: 27.7]
      [Termination (ms): Min: 0.0, Avg: 0.0, Max: 0.0, Diff: 0.0, Sum: 0.1]
         [Termination Attempts: Min: 1, Avg: 23.6, Max: 29, Diff: 28, Sum: 236]
      [GC Worker Other (ms): Min: 0.0, Avg: 0.0, Max: 0.0, Diff: 0.0, Sum: 0.2]
      [GC Worker Total (ms): Min: 3.3, Avg: 3.4, Max: 3.5, Diff: 0.2, Sum: 34.1]
      [GC Worker End (ms): Min: 3816.0, Avg: 3816.0, Max: 3816.0, Diff: 0.0]
   [Code Root Fixup: 0.0 ms]
   [Code Root Purge: 0.0 ms]
   [Clear CT: 0.8 ms]
   [Other: 4.0 ms]
      [Choose CSet: 0.0 ms]
      [Ref Proc: 3.0 ms]
      [Ref Enq: 0.0 ms]
      [Redirty Cards: 0.8 ms]
      [Humongous Register: 0.0 ms]
      [Humongous Reclaim: 0.0 ms]
      [Free CSet: 0.0 ms]
   [Eden: 44.0M(44.0M)->0.0B(44.0M) Survivors: 7168.0K->7168.0K Heap: 183.2M(1024.0M)->144.6M(1024.0M)]
 [Times: user=0.00 sys=0.02, real=0.01 secs] 
2022-11-07T07:55:12.808+0000: 3.986: [GC pause (Metadata GC Threshold) (young) (initial-mark), 0.0079571 secs]
   [Parallel Time: 5.8 ms, GC Workers: 10]
      [GC Worker Start (ms): Min: 3986.0, Avg: 3986.2, Max: 3986.2, Diff: 0.2]
      [Ext Root Scanning (ms): Min: 1.0, Avg: 1.1, Max: 1.3, Diff: 0.3, Sum: 10.8]
      [Update RS (ms): Min: 0.1, Avg: 0.2, Max: 0.3, Diff: 0.2, Sum: 1.7]
         [Processed Buffers: Min: 1, Avg: 1.8, Max: 5, Diff: 4, Sum: 18]
      [Scan RS (ms): Min: 0.0, Avg: 0.0, Max: 0.1, Diff: 0.1, Sum: 0.4]
      [Code Root Scanning (ms): Min: 0.0, Avg: 0.1, Max: 0.2, Diff: 0.2, Sum: 1.0]
      [Object Copy (ms): Min: 3.7, Avg: 3.8, Max: 4.0, Diff: 0.3, Sum: 38.4]
      [Termination (ms): Min: 0.0, Avg: 0.0, Max: 0.0, Diff: 0.0, Sum: 0.1]
         [Termination Attempts: Min: 1, Avg: 49.5, Max: 68, Diff: 67, Sum: 495]
      [GC Worker Other (ms): Min: 0.0, Avg: 0.0, Max: 0.0, Diff: 0.0, Sum: 0.1]
      [GC Worker Total (ms): Min: 5.2, Avg: 5.3, Max: 5.4, Diff: 0.2, Sum: 52.6]
      [GC Worker End (ms): Min: 3991.4, Avg: 3991.4, Max: 3991.4, Diff: 0.0]
   [Code Root Fixup: 0.0 ms]
   [Code Root Purge: 0.0 ms]
   [Clear CT: 0.6 ms]
   [Other: 1.6 ms]
      [Choose CSet: 0.0 ms]
      [Ref Proc: 0.8 ms]
      [Ref Enq: 0.0 ms]
      [Redirty Cards: 0.6 ms]
      [Humongous Register: 0.0 ms]
      [Humongous Reclaim: 0.0 ms]
      [Free CSet: 0.0 ms]
   [Eden: 13.0M(44.0M)->0.0B(44.0M) Survivors: 7168.0K->7168.0K Heap: 157.6M(1024.0M)->148.5M(1024.0M)]
 [Times: user=0.16 sys=0.00, real=0.01 secs] 
2022-11-07T07:55:12.816+0000: 3.994: [GC concurrent-root-region-scan-start]
2022-11-07T07:55:12.818+0000: 3.997: [GC concurrent-root-region-scan-end, 0.0025292 secs]
2022-11-07T07:55:12.818+0000: 3.997: [GC concurrent-mark-start]
2022-11-07T07:55:12.823+0000: 4.001: [GC concurrent-mark-end, 0.0043980 secs]
2022-11-07T07:55:12.823+0000: 4.001: [GC remark 2022-11-07T07:55:12.823+0000: 4.001: [Finalize Marking, 0.0007092 secs] 2022-11-07T07:55:12.824+0000: 4.002: [GC ref-proc, 0.0007761 secs] 2022-11-07T07:55:12.824+0000: 4.003: [Unloading, 0.0024286 secs], 0.0051848 secs]
 [Times: user=0.00 sys=0.00, real=0.01 secs] 
2022-11-07T07:55:12.828+0000: 4.007: [GC cleanup 148M->144M(1024M), 0.0022783 secs]
 [Times: user=0.01 sys=0.00, real=0.00 secs] 
2022-11-07T07:55:12.831+0000: 4.009: [GC concurrent-cleanup-start]
2022-11-07T07:55:12.831+0000: 4.009: [GC concurrent-cleanup-end, 0.0000110 secs]
Heap
 garbage-first heap   total 1048576K, used 162297K [0x00000000c0000000, 0x00000000c0102000, 0x0000000100000000)
  region size 1024K, 22 young (22528K), 7 survivors (7168K)
 Metaspace       used 35105K, capacity 37502K, committed 37632K, reserved 1083392K
  class space    used 4296K, capacity 4585K, committed 4608K, reserved 1048576K
