[2022-11-07T16:34:25.345+0100][gc,heap] Heap region size: 1M
[2022-11-07T16:34:25.351+0100][gc     ] Using G1
[2022-11-07T16:34:25.351+0100][gc,heap,coops] Heap address: 0x00000000c0000000, size: 1024 MB, Compressed Oops mode: 32-bit
[2022-11-07T16:34:25.352+0100][gc,cds       ] Mark closed archive regions in map: [0x00000000fff00000, 0x00000000fff6aff8]
[2022-11-07T16:34:25.352+0100][gc,cds       ] Mark open archive regions in map: [0x00000000ffe00000, 0x00000000ffe47ff8]
[2022-11-07T16:34:26.696+0100][gc,start     ] GC(0) Pause Young (Normal) (G1 Evacuation Pause)
[2022-11-07T16:34:26.697+0100][gc,task      ] GC(0) Using 10 workers of 10 for evacuation
[2022-11-07T16:34:26.708+0100][gc,phases    ] GC(0)   Pre Evacuate Collection Set: 0.0ms
[2022-11-07T16:34:26.708+0100][gc,phases    ] GC(0)   Evacuate Collection Set: 9.9ms
[2022-11-07T16:34:26.708+0100][gc,phases    ] GC(0)   Post Evacuate Collection Set: 0.6ms
[2022-11-07T16:34:26.708+0100][gc,phases    ] GC(0)   Other: 1.5ms
[2022-11-07T16:34:26.709+0100][gc,heap      ] GC(0) Eden regions: 51->0(44)
[2022-11-07T16:34:26.709+0100][gc,heap      ] GC(0) Survivor regions: 0->7(7)
[2022-11-07T16:34:26.709+0100][gc,heap      ] GC(0) Old regions: 2->2
[2022-11-07T16:34:26.710+0100][gc,heap      ] GC(0) Humongous regions: 0->0
[2022-11-07T16:34:26.710+0100][gc,metaspace ] GC(0) Metaspace: 14293K->14293K(1062912K)
[2022-11-07T16:34:26.710+0100][gc           ] GC(0) Pause Young (Normal) (G1 Evacuation Pause) 51M->7M(1024M) 14.480ms
[2022-11-07T16:34:26.710+0100][gc,cpu       ] GC(0) User=0.10s Sys=0.00s Real=0.01s
[2022-11-07T16:34:27.185+0100][gc,start     ] GC(1) Pause Young (Concurrent Start) (Metadata GC Threshold)
[2022-11-07T16:34:27.185+0100][gc,task      ] GC(1) Using 10 workers of 10 for evacuation
[2022-11-07T16:34:27.192+0100][gc,phases    ] GC(1)   Pre Evacuate Collection Set: 0.0ms
[2022-11-07T16:34:27.193+0100][gc,phases    ] GC(1)   Evacuate Collection Set: 5.5ms
[2022-11-07T16:34:27.193+0100][gc,phases    ] GC(1)   Post Evacuate Collection Set: 1.1ms
[2022-11-07T16:34:27.193+0100][gc,phases    ] GC(1)   Other: 0.5ms
[2022-11-07T16:34:27.194+0100][gc,heap      ] GC(1) Eden regions: 29->0(49)
[2022-11-07T16:34:27.194+0100][gc,heap      ] GC(1) Survivor regions: 7->2(7)
[2022-11-07T16:34:27.194+0100][gc,heap      ] GC(1) Old regions: 2->9
[2022-11-07T16:34:27.194+0100][gc,heap      ] GC(1) Humongous regions: 0->0
[2022-11-07T16:34:27.195+0100][gc,metaspace ] GC(1) Metaspace: 20577K->20577K(1067008K)
[2022-11-07T16:34:27.195+0100][gc           ] GC(1) Pause Young (Concurrent Start) (Metadata GC Threshold) 36M->8M(1024M) 9.775ms
[2022-11-07T16:34:27.195+0100][gc,cpu       ] GC(1) User=0.04s Sys=0.00s Real=0.01s
[2022-11-07T16:34:27.195+0100][gc           ] GC(2) Concurrent Cycle
[2022-11-07T16:34:27.196+0100][gc,marking   ] GC(2) Concurrent Clear Claimed Marks
[2022-11-07T16:34:27.196+0100][gc,marking   ] GC(2) Concurrent Clear Claimed Marks 0.295ms
[2022-11-07T16:34:27.196+0100][gc,marking   ] GC(2) Concurrent Scan Root Regions
[2022-11-07T16:34:27.198+0100][gc,marking   ] GC(2) Concurrent Scan Root Regions 1.099ms
[2022-11-07T16:34:27.198+0100][gc,marking   ] GC(2) Concurrent Mark (1.868s)
[2022-11-07T16:34:27.198+0100][gc,marking   ] GC(2) Concurrent Mark From Roots
[2022-11-07T16:34:27.198+0100][gc,task      ] GC(2) Using 3 workers of 3 for marking
[2022-11-07T16:34:27.201+0100][gc,marking   ] GC(2) Concurrent Mark From Roots 3.151ms
[2022-11-07T16:34:27.201+0100][gc,marking   ] GC(2) Concurrent Preclean
[2022-11-07T16:34:27.202+0100][gc,marking   ] GC(2) Concurrent Preclean 0.399ms
[2022-11-07T16:34:27.202+0100][gc,marking   ] GC(2) Concurrent Mark (1.868s, 1.873s) 4.291ms
[2022-11-07T16:34:27.203+0100][gc,start     ] GC(2) Pause Remark
[2022-11-07T16:34:27.204+0100][gc,stringtable] GC(2) Cleaned string and symbol table, strings: 5116 processed, 0 removed, symbols: 52176 processed, 41 removed
[2022-11-07T16:34:27.205+0100][gc            ] GC(2) Pause Remark 8M->8M(1024M) 2.136ms
[2022-11-07T16:34:27.205+0100][gc,cpu        ] GC(2) User=0.00s Sys=0.00s Real=0.01s
[2022-11-07T16:34:27.205+0100][gc,marking    ] GC(2) Concurrent Rebuild Remembered Sets
[2022-11-07T16:34:27.207+0100][gc,marking    ] GC(2) Concurrent Rebuild Remembered Sets 1.886ms
[2022-11-07T16:34:27.208+0100][gc,start      ] GC(2) Pause Cleanup
[2022-11-07T16:34:27.208+0100][gc            ] GC(2) Pause Cleanup 8M->8M(1024M) 0.480ms
[2022-11-07T16:34:27.209+0100][gc,cpu        ] GC(2) User=0.00s Sys=0.00s Real=0.00s
[2022-11-07T16:34:27.209+0100][gc,marking    ] GC(2) Concurrent Cleanup for Next Mark
[2022-11-07T16:34:27.211+0100][gc,marking    ] GC(2) Concurrent Cleanup for Next Mark 1.598ms
[2022-11-07T16:34:27.211+0100][gc            ] GC(2) Concurrent Cycle 15.683ms
[2022-11-07T16:34:27.885+0100][gc,start      ] GC(3) Pause Young (Normal) (G1 Evacuation Pause)
[2022-11-07T16:34:27.885+0100][gc,task       ] GC(3) Using 10 workers of 10 for evacuation
[2022-11-07T16:34:27.888+0100][gc,phases     ] GC(3)   Pre Evacuate Collection Set: 0.0ms
[2022-11-07T16:34:27.888+0100][gc,phases     ] GC(3)   Evacuate Collection Set: 2.0ms
[2022-11-07T16:34:27.889+0100][gc,phases     ] GC(3)   Post Evacuate Collection Set: 0.6ms
[2022-11-07T16:34:27.889+0100][gc,phases     ] GC(3)   Other: 0.7ms
[2022-11-07T16:34:27.889+0100][gc,heap       ] GC(3) Eden regions: 49->0(46)
[2022-11-07T16:34:27.890+0100][gc,heap       ] GC(3) Survivor regions: 2->5(7)
[2022-11-07T16:34:27.890+0100][gc,heap       ] GC(3) Old regions: 9->9
[2022-11-07T16:34:27.890+0100][gc,heap       ] GC(3) Humongous regions: 129->129
[2022-11-07T16:34:27.890+0100][gc,metaspace  ] GC(3) Metaspace: 29163K->29163K(1075200K)
[2022-11-07T16:34:27.890+0100][gc            ] GC(3) Pause Young (Normal) (G1 Evacuation Pause) 186M->140M(1024M) 5.755ms
[2022-11-07T16:34:27.891+0100][gc,cpu        ] GC(3) User=0.02s Sys=0.00s Real=0.00s
[2022-11-07T16:34:28.325+0100][gc,heap,exit  ] Heap
[2022-11-07T16:34:28.326+0100][gc,heap,exit  ]  garbage-first heap   total 1048576K, used 165115K [0x00000000c0000000, 0x0000000100000000)
[2022-11-07T16:34:28.326+0100][gc,heap,exit  ]   region size 1024K, 27 young (27648K), 5 survivors (5120K)
[2022-11-07T16:34:28.326+0100][gc,heap,exit  ]  Metaspace       used 32256K, capacity 33565K, committed 33792K, reserved 1079296K
[2022-11-07T16:34:28.326+0100][gc,heap,exit  ]   class space    used 3963K, capacity 4580K, committed 4608K, reserved 1048576K
