[2022-11-07T16:17:36.913+0100][gc,heap] Heap region size: 1M
[2022-11-07T16:17:36.920+0100][gc     ] Using G1
[2022-11-07T16:17:36.920+0100][gc,heap,coops] Heap address: 0x00000000e0000000, size: 512 MB, Compressed Oops mode: 32-bit
[2022-11-07T16:17:36.921+0100][gc,cds       ] Mark closed archive regions in map: [0x00000000fff00000, 0x00000000fff6aff8]
[2022-11-07T16:17:36.921+0100][gc,cds       ] Mark open archive regions in map: [0x00000000ffe00000, 0x00000000ffe47ff8]
[2022-11-07T16:17:41.862+0100][gc,start     ] GC(0) Pause Young (Normal) (G1 Evacuation Pause)
[2022-11-07T16:17:41.864+0100][gc,task      ] GC(0) Using 10 workers of 10 for evacuation
[2022-11-07T16:17:41.879+0100][gc,phases    ] GC(0)   Pre Evacuate Collection Set: 0.0ms
[2022-11-07T16:17:41.879+0100][gc,phases    ] GC(0)   Evacuate Collection Set: 12.4ms
[2022-11-07T16:17:41.879+0100][gc,phases    ] GC(0)   Post Evacuate Collection Set: 0.7ms
[2022-11-07T16:17:41.880+0100][gc,phases    ] GC(0)   Other: 3.7ms
[2022-11-07T16:17:41.880+0100][gc,heap      ] GC(0) Eden regions: 25->0(21)
[2022-11-07T16:17:41.880+0100][gc,heap      ] GC(0) Survivor regions: 0->4(4)
[2022-11-07T16:17:41.880+0100][gc,heap      ] GC(0) Old regions: 2->5
[2022-11-07T16:17:41.881+0100][gc,heap      ] GC(0) Humongous regions: 0->0
[2022-11-07T16:17:41.881+0100][gc,metaspace ] GC(0) Metaspace: 7374K->7374K(1056768K)
[2022-11-07T16:17:41.881+0100][gc           ] GC(0) Pause Young (Normal) (G1 Evacuation Pause) 25M->7M(512M) 19.563ms
[2022-11-07T16:17:41.882+0100][gc,cpu       ] GC(0) User=0.12s Sys=0.00s Real=0.02s
[2022-11-07T16:29:38.991+0100][gc,heap,exit ] Heap
[2022-11-07T16:29:38.991+0100][gc,heap,exit ]  garbage-first heap   total 524288K, used 17859K [0x00000000e0000000, 0x0000000100000000)
[2022-11-07T16:29:38.991+0100][gc,heap,exit ]   region size 1024K, 16 young (16384K), 4 survivors (4096K)
[2022-11-07T16:29:38.992+0100][gc,heap,exit ]  Metaspace       used 8929K, capacity 9247K, committed 9344K, reserved 1056768K
[2022-11-07T16:29:38.992+0100][gc,heap,exit ]   class space    used 973K, capacity 1090K, committed 1152K, reserved 1048576K
